This is pdfTeX, Version 3.141592653-2.6-1.40.28 (MiKTeX 25.12) (preloaded format=pdflatex 2026.10.4)  5 OCT 2026 19:50
entering extended mode
 restricted \write18 enabled.
 %&-line parsing enabled.
**./restricted_tsp_summary.tex
(restricted_tsp_summary.tex
LaTeX2e <2025-11-01>
L3 programming layer <2025-12-24>
(C:\Users\enric\AppData\Local\Programs\MiKTeX\tex/latex/base\article.cls
Document Class: article 2025/01/22 v1.4n Standard LaTeX document class
(C:\Users\enric\AppData\Local\Programs\MiKTeX\tex/latex/base\size11.clo
File: size11.clo 2025/01/22 v1.4n Standard LaTeX file (size option)
)
\c@part=\count275
\c@section=\count276
\c@subsection=\count277
\c@subsubsection=\count278
\c@paragraph=\count279
\c@subparagraph=\count280
\c@figure=\count281
\c@table=\count282
\abovecaptionskip=\skip49
\belowcaptionskip=\skip50
\bibindent=\dimen148
)
(C:\Users\enric\AppData\Local\Programs\MiKTeX\tex/latex/base\inputenc.sty
Package: inputenc 2024/02/08 v1.3d Input encoding file
\inpenc@prehook=\toks17
\inpenc@posthook=\toks18
)
(C:\Users\enric\AppData\Local\Programs\MiKTeX\tex/latex/base\fontenc.sty
Package: fontenc 2025/07/18 v2.1d Standard LaTeX package
)
(C:\Users\enric\AppData\Local\Programs\MiKTeX\tex/latex/amsmath\amsmath.sty
Package: amsmath 2025/07/09 v2.17z AMS math features
\@mathmargin=\skip51

For additional information on amsmath, use the `?' option.
! Interruption.
<argument> \__file_size:n {amstext.sty}
                                       
l.126 \RequirePackage{amstext}[1995/01/25]
                                          
? 
! Emergency stop.
<argument> \__file_size:n {amstext.sty}
                                       
l.126 \RequirePackage{amstext}[1995/01/25]
                                          
End of file on the terminal!

 
Here is how much of TeX's memory you used:
 545 strings out of 467871
 6674 string characters out of 5418376
 433733 words of memory out of 5000000
 29504 multiletter control sequences out of 15000+600000
 628790 words of font info for 42 fonts, out of 8000000 for 9000
 1141 hyphenation exceptions out of 8191
 35i,0n,49p,168b,38s stack positions out of 10000i,1000n,20000p,200000b,200000s
!  ==> Fatal error occurred, no output PDF file produced!
